// Jest Snapshot v1, https://goo.gl/fbAQLP

exports[`Test Foo Screen:  should match to snapshot 1`] = `ShallowWrapper {}`;
